0 verbose cli /usr/bin/node /usr/bin/npm
1 info using npm@10.9.3
2 info using node@v22.20.0
3 silly config load:file:/usr/lib/node_modules/npm/npmrc
4 silly config load:file:/workspace/.npmrc
5 silly config load:file:/usr/etc/npmrc
6 verbose title npm install @pulumi/random @types/mime mime
7 verbose argv "install" "@pulumi/random" "@types/mime" "mime"
8 verbose logfile logs-max:10 dir:/workspace/.npm/_logs/2025-10-14T16_40_32_750Z-
9 verbose logfile /workspace/.npm/_logs/2025-10-14T16_40_32_750Z-debug-0.log
10 silly logfile done cleaning log files
11 silly packumentCache heap:2197815296 maxSize:549453824 maxEntrySize:274726912
12 silly idealTree buildDeps
13 silly fetch manifest @pulumi/random@*
14 silly packumentCache full:https://registry.npmjs.org/@pulumi%2frandom cache-miss
15 http fetch GET 200 https://registry.npmjs.org/@pulumi%2frandom 304ms (cache miss)
16 silly packumentCache full:https://registry.npmjs.org/@pulumi%2frandom set size:undefined disposed:false
17 silly fetch manifest @types/mime@*
18 silly packumentCache full:https://registry.npmjs.org/@types%2fmime cache-miss
19 http fetch GET 200 https://registry.npmjs.org/@types%2fmime 34ms (cache miss)
20 silly packumentCache full:https://registry.npmjs.org/@types%2fmime set size:undefined disposed:false
21 silly fetch manifest mime@*
22 silly packumentCache full:https://registry.npmjs.org/mime cache-miss
23 http cache https://registry.npmjs.org/mime 5ms (cache hit)
24 silly packumentCache full:https://registry.npmjs.org/mime set size:119236 disposed:false
25 silly placeDep ROOT @pulumi/random@4.18.4 OK for:  want: *
26 silly placeDep ROOT @types/mime@3.0.4 OK for:  want: *
27 silly placeDep ROOT mime@4.1.0 REPLACE for:  want: *
28 silly fetch manifest mime@^2.0.0
29 silly packumentCache full:https://registry.npmjs.org/mime cache-hit
30 silly placeDep node_modules/@pulumi/aws mime@2.6.0 OK for: @pulumi/aws@7.8.0 want: ^2.0.0
31 silly placeDep node_modules/@pulumi/awsx mime@2.6.0 OK for: @pulumi/awsx@3.0.0 want: ^2.0.0
32 silly reify mark retired [ '/workspace/node_modules/mime', '/workspace/node_modules/.bin/mime' ]
33 silly reify moves {
33 silly reify   '/workspace/node_modules/mime': '/workspace/node_modules/.mime-ihfQ72KS',
33 silly reify   '/workspace/node_modules/.bin/mime': '/workspace/node_modules/.bin/.mime-gbyQahhv'
33 silly reify }
34 silly audit bulk request {
34 silly audit   '@aws-crypto/sha256-browser': [ '5.2.0' ],
34 silly audit   '@smithy/is-array-buffer': [ '2.2.0', '4.2.0' ],
34 silly audit   '@smithy/util-buffer-from': [ '2.2.0', '4.2.0' ],
34 silly audit   '@smithy/util-utf8': [ '2.3.0', '4.2.0' ],
34 silly audit   '@aws-crypto/sha256-js': [ '5.2.0' ],
34 silly audit   '@aws-crypto/supports-web-crypto': [ '5.2.0' ],
34 silly audit   '@aws-crypto/util': [ '5.2.0' ],
34 silly audit   '@aws-sdk/client-ecs': [ '3.908.0' ],
34 silly audit   '@aws-sdk/client-sso': [ '3.908.0' ],
34 silly audit   '@aws-sdk/core': [ '3.908.0' ],
34 silly audit   '@aws-sdk/credential-provider-env': [ '3.908.0' ],
34 silly audit   '@aws-sdk/credential-provider-http': [ '3.908.0' ],
34 silly audit   '@aws-sdk/credential-provider-ini': [ '3.908.0' ],
34 silly audit   '@aws-sdk/credential-provider-node': [ '3.908.0' ],
34 silly audit   '@aws-sdk/credential-provider-process': [ '3.908.0' ],
34 silly audit   '@aws-sdk/credential-provider-sso': [ '3.908.0' ],
34 silly audit   '@aws-sdk/credential-provider-web-identity': [ '3.908.0' ],
34 silly audit   '@aws-sdk/middleware-host-header': [ '3.901.0' ],
34 silly audit   '@aws-sdk/middleware-logger': [ '3.901.0' ],
34 silly audit   '@aws-sdk/middleware-recursion-detection': [ '3.901.0' ],
34 silly audit   '@aws-sdk/middleware-user-agent': [ '3.908.0' ],
34 silly audit   '@aws-sdk/nested-clients': [ '3.908.0' ],
34 silly audit   '@aws-sdk/region-config-resolver': [ '3.901.0' ],
34 silly audit   '@aws-sdk/token-providers': [ '3.908.0' ],
34 silly audit   '@aws-sdk/types': [ '3.901.0' ],
34 silly audit   '@aws-sdk/util-endpoints': [ '3.901.0' ],
34 silly audit   '@aws-sdk/util-locate-window': [ '3.893.0' ],
34 silly audit   '@aws-sdk/util-user-agent-browser': [ '3.907.0' ],
34 silly audit   '@aws-sdk/util-user-agent-node': [ '3.908.0' ],
34 silly audit   '@aws-sdk/xml-builder': [ '3.901.0' ],
34 silly audit   '@aws/lambda-invoke-store': [ '0.0.1' ],
34 silly audit   '@grpc/grpc-js': [ '1.14.0' ],
34 silly audit   '@grpc/proto-loader': [ '0.8.0' ],
34 silly audit   '@isaacs/cliui': [ '8.0.2' ],
34 silly audit   '@isaacs/string-locale-compare': [ '1.1.0' ],
34 silly audit   '@js-sdsl/ordered-map': [ '4.4.2' ],
34 silly audit   '@logdna/tail-file': [ '2.2.0' ],
34 silly audit   '@npmcli/agent': [ '2.2.2' ],
34 silly audit   '@npmcli/arborist': [ '7.5.4' ],
34 silly audit   semver: [ '7.7.3', '5.7.2' ],
34 silly audit   '@npmcli/fs': [ '3.1.1' ],
34 silly audit   '@npmcli/git': [ '5.0.8' ],
34 silly audit   ini: [ '4.1.3', '2.0.0' ],
34 silly audit   '@npmcli/installed-package-contents': [ '2.1.0' ],
34 silly audit   '@npmcli/map-workspaces': [ '3.0.6' ],
34 silly audit   '@npmcli/metavuln-calculator': [ '7.1.1' ],
34 silly audit   '@npmcli/name-from-folder': [ '2.0.0' ],
34 silly audit   '@npmcli/node-gyp': [ '3.0.0' ],
34 silly audit   '@npmcli/package-json': [ '5.2.1' ],
34 silly audit   '@npmcli/promise-spawn': [ '7.0.2' ],
34 silly audit   '@npmcli/query': [ '3.1.0' ],
34 silly audit   '@npmcli/redact': [ '2.0.1' ],
34 silly audit   '@npmcli/run-script': [ '8.1.0' ],
34 silly audit   '@opentelemetry/api': [ '1.9.0' ],
34 silly audit   '@opentelemetry/api-logs': [ '0.55.0' ],
34 silly audit   '@opentelemetry/context-async-hooks': [ '1.30.1' ],
34 silly audit   '@opentelemetry/core': [ '1.30.1' ],
34 silly audit   '@opentelemetry/exporter-zipkin': [ '1.30.1' ],
34 silly audit   '@opentelemetry/instrumentation': [ '0.55.0' ],
34 silly audit   '@opentelemetry/instrumentation-grpc': [ '0.55.0' ],
34 silly audit   '@opentelemetry/semantic-conventions': [ '1.27.0', '1.28.0' ],
34 silly audit   '@opentelemetry/propagator-b3': [ '1.30.1' ],
34 silly audit   '@opentelemetry/propagator-jaeger': [ '1.30.1' ],
34 silly audit   '@opentelemetry/resources': [ '1.30.1' ],
34 silly audit   '@opentelemetry/sdk-trace-base': [ '1.30.1' ],
34 silly audit   '@opentelemetry/sdk-trace-node': [ '1.30.1' ],
34 silly audit   '@pkgjs/parseargs': [ '0.11.0' ],
34 silly audit   '@protobufjs/aspromise': [ '1.1.2' ],
34 silly audit   '@protobufjs/base64': [ '1.1.2' ],
34 silly audit   '@protobufjs/codegen': [ '2.0.4' ],
34 silly audit   '@protobufjs/eventemitter': [ '1.1.0' ],
34 silly audit   '@protobufjs/fetch': [ '1.1.0' ],
34 silly audit   '@protobufjs/float': [ '1.0.2' ],
34 silly audit   '@protobufjs/inquire': [ '1.1.0' ],
34 silly audit   '@protobufjs/path': [ '1.1.2' ],
34 silly audit   '@protobufjs/pool': [ '1.1.0' ],
34 silly audit   '@protobufjs/utf8': [ '1.1.0' ],
34 silly audit   '@pulumi/aws': [ '7.8.0' ],
34 silly audit   '@pulumi/awsx': [ '3.0.0' ],
34 silly audit   '@pulumi/docker': [ '4.9.0', '3.6.1' ],
34 silly audit   '@pulumi/docker-build': [ '0.0.8' ],
34 silly audit   '@pulumi/pulumi': [ '3.202.0' ],
34 silly audit   '@sigstore/bundle': [ '2.3.2' ],
34 silly audit   '@sigstore/core': [ '1.1.0' ],
34 silly audit   '@sigstore/protobuf-specs': [ '0.3.3' ],
34 silly audit   '@sigstore/sign': [ '2.3.2' ],
34 silly audit   '@sigstore/tuf': [ '2.3.4' ],
34 silly audit   '@sigstore/verify': [ '1.2.1' ],
34 silly audit   '@sindresorhus/is': [ '4.6.0' ],
34 silly audit   '@smithy/abort-controller': [ '4.2.2' ],
34 silly audit   '@smithy/config-resolver': [ '4.3.2' ],
34 silly audit   '@smithy/core': [ '3.16.1' ],
34 silly audit   '@smithy/credential-provider-imds': [ '4.2.2' ],
34 silly audit   '@smithy/fetch-http-handler': [ '5.3.3' ],
34 silly audit   '@smithy/hash-node': [ '4.2.2' ],
34 silly audit   '@smithy/invalid-dependency': [ '4.2.2' ],
34 silly audit   '@smithy/middleware-content-length': [ '4.2.2' ],
34 silly audit   '@smithy/middleware-endpoint': [ '4.3.3' ],
34 silly audit   '@smithy/middleware-retry': [ '4.4.3' ],
34 silly audit   '@smithy/middleware-serde': [ '4.2.2' ],
34 silly audit   '@smithy/middleware-stack': [ '4.2.2' ],
34 silly audit   '@smithy/node-config-provider': [ '4.3.2' ],
34 silly audit   '@smithy/node-http-handler': [ '4.4.1' ],
34 silly audit   '@smithy/property-provider': [ '4.2.2' ],
34 silly audit   '@smithy/protocol-http': [ '5.3.2' ],
34 silly audit   '@smithy/querystring-builder': [ '4.2.2' ],
34 silly audit   '@smithy/querystring-parser': [ '4.2.2' ],
34 silly audit   '@smithy/service-error-classification': [ '4.2.2' ],
34 silly audit   '@smithy/shared-ini-file-loader': [ '4.3.2' ],
34 silly audit   '@smithy/signature-v4': [ '5.3.2' ],
34 silly audit   '@smithy/smithy-client': [ '4.8.1' ],
34 silly audit   '@smithy/types': [ '4.7.1' ],
34 silly audit   '@smithy/url-parser': [ '4.2.2' ],
34 silly audit   '@smithy/util-base64': [ '4.3.0' ],
34 silly audit   '@smithy/util-body-length-browser': [ '4.2.0' ],
34 silly audit   '@smithy/util-body-length-node': [ '4.2.1' ],
34 silly audit   '@smithy/util-config-provider': [ '4.2.0' ],
34 silly audit   '@smithy/util-defaults-mode-browser': [ '4.3.2' ],
34 silly audit   '@smithy/util-defaults-mode-node': [ '4.2.3' ],
34 silly audit   '@smithy/util-endpoints': [ '3.2.2' ],
34 silly audit   '@smithy/util-hex-encoding': [ '4.2.0' ],
34 silly audit   '@smithy/util-middleware': [ '4.2.2' ],
34 silly audit   '@smithy/util-retry': [ '4.2.2' ],
34 silly audit   '@smithy/util-stream': [ '4.5.2' ],
34 silly audit   '@smithy/util-uri-escape': [ '4.2.0' ],
34 silly audit   '@smithy/util-waiter': [ '4.2.2' ],
34 silly audit   '@smithy/uuid': [ '1.1.0' ],
34 silly audit   '@szmarczak/http-timer': [ '4.0.6' ],
34 silly audit   '@tufjs/canonical-json': [ '2.0.0' ],
34 silly audit   '@tufjs/models': [ '2.0.1' ],
34 silly audit   '@types/aws-lambda': [ '8.10.155' ],
34 silly audit   '@types/cacheable-request': [ '6.0.3' ],
34 silly audit   '@types/google-protobuf': [ '3.15.12' ],
34 silly audit   '@types/http-cache-semantics': [ '4.0.4' ],
34 silly audit   '@types/keyv': [ '3.1.4' ],
34 silly audit   '@types/node': [ '18.19.130' ],
34 silly audit   '@types/responselike': [ '1.0.3' ],
34 silly audit   '@types/semver': [ '7.7.1' ],
34 silly audit   '@types/shimmer': [ '1.2.0' ],
34 silly audit   '@types/tmp': [ '0.2.6' ],
34 silly audit   abbrev: [ '2.0.0' ],
34 silly audit   acorn: [ '8.15.0' ],
34 silly audit   'acorn-import-attributes': [ '1.9.5' ],
34 silly audit   'agent-base': [ '7.1.4' ],
34 silly audit   'aggregate-error': [ '3.1.0' ],
34 silly audit   'ansi-regex': [ '6.2.2', '5.0.1' ],
34 silly audit   'ansi-styles': [ '6.2.3', '4.3.0' ],
34 silly audit   argparse: [ '1.0.10' ],
34 silly audit   'balanced-match': [ '1.0.2' ],
34 silly audit   'bin-links': [ '4.0.4' ],
34 silly audit   bowser: [ '2.12.1' ],
34 silly audit   'brace-expansion': [ '2.0.2' ],
34 silly audit   'buffer-from': [ '1.1.2' ],
34 silly audit   cacache: [ '18.0.4' ],
34 silly audit   'cacheable-lookup': [ '5.0.4' ],
34 silly audit   'cacheable-request': [ '7.0.4' ],
34 silly audit   'get-stream': [ '5.2.0', '6.0.1' ],
34 silly audit   chownr: [ '2.0.0' ],
34 silly audit   'cjs-module-lexer': [ '1.4.3' ],
34 silly audit   'clean-stack': [ '2.2.0' ],
34 silly audit   cliui: [ '8.0.1' ],
34 silly audit   'emoji-regex': [ '8.0.0', '9.2.2' ],
34 silly audit   'string-width': [ '4.2.3', '5.1.2' ],
34 silly audit   'strip-ansi': [ '6.0.1', '7.1.2' ],
34 silly audit   'wrap-ansi': [ '7.0.0', '8.1.0' ],
34 silly audit   'clone-response': [ '1.0.3' ],
34 silly audit   'cmd-shim': [ '6.0.3' ],
34 silly audit   'color-convert': [ '2.0.1' ],
34 silly audit   'color-name': [ '1.1.4' ],
34 silly audit   'common-ancestor-path': [ '1.0.1' ],
34 silly audit   'cross-spawn': [ '7.0.6' ],
34 silly audit   isexe: [ '2.0.0', '3.1.1' ],
34 silly audit   which: [ '2.0.2', '4.0.0' ],
34 silly audit   cssesc: [ '3.0.0' ],
34 silly audit   debug: [ '4.4.3' ],
34 silly audit   'decompress-response': [ '6.0.0' ],
34 silly audit   'mimic-response': [ '3.1.0', '1.0.1' ],
34 silly audit   'defer-to-connect': [ '2.0.1' ],
34 silly audit   eastasianwidth: [ '0.2.0' ],
34 silly audit   encoding: [ '0.1.13' ],
34 silly audit   'end-of-stream': [ '1.4.5' ],
34 silly audit   'env-paths': [ '2.2.1' ],
34 silly audit   'err-code': [ '2.0.3' ],
34 silly audit   escalade: [ '3.2.0' ],
34 silly audit   esprima: [ '4.0.1' ],
34 silly audit   execa: [ '5.1.1' ],
34 silly audit   'exponential-backoff': [ '3.1.3' ],
34 silly audit   'fast-xml-parser': [ '5.2.5' ],
34 silly audit   fdir: [ '6.5.0' ],
34 silly audit   'find-up': [ '6.3.0' ],
34 silly audit   'foreground-child': [ '3.3.1' ],
34 silly audit   'signal-exit': [ '4.1.0', '3.0.7' ],
34 silly audit   'fs-minipass': [ '3.0.3', '2.1.0' ],
34 silly audit   'function-bind': [ '1.1.2' ],
34 silly audit   'get-caller-file': [ '2.0.5' ],
34 silly audit   glob: [ '10.4.5' ],
34 silly audit   'google-protobuf': [ '3.21.4' ],
34 silly audit   got: [ '11.8.6' ],
34 silly audit   'graceful-fs': [ '4.2.11' ],
34 silly audit   hasown: [ '2.0.2' ],
34 silly audit   'hosted-git-info': [ '7.0.2' ],
34 silly audit   'http-cache-semantics': [ '4.2.0' ],
34 silly audit   'http-proxy-agent': [ '7.0.2' ],
34 silly audit   'http2-wrapper': [ '1.0.3' ],
34 silly audit   'https-proxy-agent': [ '7.0.6' ],
34 silly audit   'human-signals': [ '2.1.0' ],
34 silly audit   'iconv-lite': [ '0.6.3' ],
34 silly audit   'ignore-walk': [ '6.0.5' ],
34 silly audit   'import-in-the-middle': [ '1.15.0' ],
34 silly audit   imurmurhash: [ '0.1.4' ],
34 silly audit   'indent-string': [ '4.0.0' ],
34 silly audit   'ip-address': [ '10.0.1' ],
34 silly audit   'is-core-module': [ '2.16.1' ],
34 silly audit   'is-fullwidth-code-point': [ '3.0.0' ],
34 silly audit   'is-lambda': [ '1.0.1' ],
34 silly audit   'is-stream': [ '2.0.1' ],
34 silly audit   jackspeak: [ '3.4.3' ],
34 silly audit   'js-yaml': [ '3.14.1' ],
34 silly audit   'json-buffer': [ '3.0.1' ],
34 silly audit   'json-parse-even-better-errors': [ '3.0.2' ],
34 silly audit   'json-stringify-nice': [ '1.1.4' ],
34 silly audit   jsonparse: [ '1.3.1' ],
34 silly audit   'just-diff': [ '6.0.2' ],
34 silly audit   'just-diff-apply': [ '5.5.0' ],
34 silly audit   keyv: [ '4.5.4' ],
34 silly audit   'locate-path': [ '7.2.0' ],
34 silly audit   'lodash.camelcase': [ '4.3.0' ],
34 silly audit   long: [ '5.3.2' ],
34 silly audit   'lowercase-keys': [ '2.0.0' ],
34 silly audit   'lru-cache': [ '10.4.3' ],
34 silly audit   'make-fetch-happen': [ '13.0.1' ],
34 silly audit   'merge-stream': [ '2.0.0' ],
34 silly audit   'mimic-fn': [ '2.1.0' ],
34 silly audit   minimatch: [ '9.0.5' ],
34 silly audit   minimist: [ '1.2.8' ],
34 silly audit   minipass: [ '7.1.2', '3.3.6', '5.0.0' ],
34 silly audit   'minipass-collect': [ '2.0.1' ],
34 silly audit   'minipass-fetch': [ '3.0.5' ],
34 silly audit   'minipass-flush': [ '1.0.5' ],
34 silly audit   'minipass-pipeline': [ '1.2.4' ],
34 silly audit   'minipass-sized': [ '1.0.3' ],
34 silly audit   minizlib: [ '2.1.2' ],
34 silly audit   mkdirp: [ '1.0.4' ],
34 silly audit   'module-details-from-path': [ '1.0.4' ],
34 silly audit   ms: [ '2.1.3' ],
34 silly audit   negotiator: [ '0.6.4' ],
34 silly audit   'node-gyp': [ '10.3.1' ],
34 silly audit   nopt: [ '7.2.1' ],
34 silly audit   'normalize-package-data': [ '6.0.2' ],
34 silly audit   'normalize-url': [ '6.1.0' ],
34 silly audit   'npm-bundled': [ '3.0.1' ],
34 silly audit   'npm-install-checks': [ '6.3.0' ],
34 silly audit   'npm-normalize-package-bin': [ '3.0.1' ],
34 silly audit   'npm-package-arg': [ '11.0.3' ],
34 silly audit   'npm-packlist': [ '8.0.2' ],
34 silly audit   'npm-pick-manifest': [ '9.1.0' ],
34 silly audit   'npm-registry-fetch': [ '17.1.0' ],
34 silly audit   'npm-run-path': [ '4.0.1' ],
34 silly audit   once: [ '1.4.0' ],
34 silly audit   onetime: [ '5.1.2' ],
34 silly audit   'p-cancelable': [ '2.1.1' ],
34 silly audit   'p-limit': [ '4.0.0' ],
34 silly audit   'p-locate': [ '6.0.0' ],
34 silly audit   'p-map': [ '4.0.0' ],
34 silly audit   'package-json-from-dist': [ '1.0.1' ],
34 silly audit   pacote: [ '18.0.6' ],
34 silly audit   'parse-conflict-json': [ '3.0.1' ],
34 silly audit   'path-exists': [ '5.0.0' ],
34 silly audit   'path-key': [ '3.1.1' ],
34 silly audit   'path-parse': [ '1.0.7' ],
34 silly audit   'path-scurry': [ '1.11.1' ],
34 silly audit   picomatch: [ '3.0.1' ],
34 silly audit   'pkg-dir': [ '7.0.0' ],
34 silly audit   'postcss-selector-parser': [ '6.1.2' ],
34 silly audit   'proc-log': [ '4.2.0' ],
34 silly audit   proggy: [ '2.0.0' ],
34 silly audit   'promise-all-reject-late': [ '1.0.1' ],
34 silly audit   'promise-call-limit': [ '3.0.2' ],
34 silly audit   'promise-inflight': [ '1.0.1' ],
34 silly audit   'promise-retry': [ '2.0.1' ],
34 silly audit   protobufjs: [ '7.5.4' ],
34 silly audit   pump: [ '3.0.3' ],
34 silly audit   'quick-lru': [ '5.1.1' ],
34 silly audit   'read-cmd-shim': [ '4.0.0' ],
34 silly audit   'read-package-json-fast': [ '3.0.2' ],
34 silly audit   'require-directory': [ '2.1.1' ],
34 silly audit   'require-from-string': [ '2.0.2' ],
34 silly audit   'require-in-the-middle': [ '7.5.2' ],
34 silly audit   resolve: [ '1.22.10' ],
34 silly audit   'resolve-alpn': [ '1.2.1' ],
34 silly audit   responselike: [ '2.0.1' ],
34 silly audit   retry: [ '0.12.0' ],
34 silly audit   'safer-buffer': [ '2.1.2' ],
34 silly audit   'shebang-command': [ '2.0.0' ],
34 silly audit   'shebang-regex': [ '3.0.0' ],
34 silly audit   shimmer: [ '1.2.1' ],
34 silly audit   sigstore: [ '2.3.1' ],
34 silly audit   'smart-buffer': [ '4.2.0' ],
34 silly audit   socks: [ '2.8.7' ],
34 silly audit   'socks-proxy-agent': [ '8.0.5' ],
34 silly audit   'source-map': [ '0.6.1' ],
34 silly audit   'source-map-support': [ '0.5.21' ],
34 silly audit   'spdx-correct': [ '3.2.0' ],
34 silly audit   'spdx-exceptions': [ '2.5.0' ],
34 silly audit   'spdx-expression-parse': [ '3.0.1' ],
34 silly audit   'spdx-license-ids': [ '3.0.22' ],
34 silly audit   'sprintf-js': [ '1.0.3' ],
34 silly audit   ssri: [ '10.0.6' ],
34 silly audit   'strip-final-newline': [ '2.0.0' ],
34 silly audit   strnum: [ '2.1.1' ],
34 silly audit   'supports-preserve-symlinks-flag': [ '1.0.0' ],
34 silly audit   tar: [ '6.2.1' ],
34 silly audit   tmp: [ '0.2.5' ],
34 silly audit   treeverse: [ '3.0.0' ],
34 silly audit   tslib: [ '2.8.1' ],
34 silly audit   'tuf-js': [ '2.2.1' ],
34 silly audit   typescript: [ '5.9.3' ],
34 silly audit   'undici-types': [ '5.26.5' ],
34 silly audit   'unique-filename': [ '3.0.0' ],
34 silly audit   'unique-slug': [ '4.0.0' ],
34 silly audit   upath: [ '1.2.0' ],
34 silly audit   'util-deprecate': [ '1.0.2' ],
34 silly audit   'validate-npm-package-license': [ '3.0.4' ],
34 silly audit   'validate-npm-package-name': [ '5.0.1' ],
34 silly audit   'walk-up-path': [ '3.0.1' ],
34 silly audit   wrappy: [ '1.0.2' ],
34 silly audit   'write-file-atomic': [ '5.0.1' ],
34 silly audit   y18n: [ '5.0.8' ],
34 silly audit   yallist: [ '4.0.0' ],
34 silly audit   yargs: [ '17.7.2' ],
34 silly audit   'yargs-parser': [ '21.1.1' ],
34 silly audit   'yocto-queue': [ '1.2.1' ],
34 silly audit   '@pulumi/random': [ '4.18.4' ],
34 silly audit   '@types/mime': [ '3.0.4' ],
34 silly audit   mime: [ '4.1.0', '2.6.0' ]
34 silly audit }
35 http cache @types/mime@https://registry.npmjs.org/@types/mime/-/mime-3.0.4.tgz 0ms (cache hit)
36 http cache @pulumi/random@https://registry.npmjs.org/@pulumi/random/-/random-4.18.4.tgz 0ms (cache hit)
37 http cache mime@https://registry.npmjs.org/mime/-/mime-4.1.0.tgz 0ms (cache hit)
38 http cache mime@https://registry.npmjs.org/mime/-/mime-2.6.0.tgz 0ms (cache hit)
39 http cache mime@https://registry.npmjs.org/mime/-/mime-2.6.0.tgz 0ms (cache hit)
40 silly tarball no local data for @types/mime@https://registry.npmjs.org/@types/mime/-/mime-3.0.4.tgz. Extracting by manifest.
41 silly tarball no local data for @pulumi/random@https://registry.npmjs.org/@pulumi/random/-/random-4.18.4.tgz. Extracting by manifest.
42 silly tarball no local data for mime@https://registry.npmjs.org/mime/-/mime-4.1.0.tgz. Extracting by manifest.
43 http fetch POST 200 https://registry.npmjs.org/-/npm/v1/security/advisories/bulk 45ms
44 silly audit report {}
45 http fetch GET 200 https://registry.npmjs.org/@types/mime/-/mime-3.0.4.tgz 80ms (cache miss)
46 http fetch GET 200 https://registry.npmjs.org/mime/-/mime-4.1.0.tgz 87ms (cache miss)
47 http fetch GET 200 https://registry.npmjs.org/@pulumi/random/-/random-4.18.4.tgz 90ms (cache miss)
48 silly ADD node_modules/@types/mime
49 silly ADD node_modules/@pulumi/random
50 silly CHANGE node_modules/mime
51 silly ADD node_modules/@pulumi/awsx/node_modules/mime
52 silly ADD node_modules/@pulumi/aws/node_modules/mime
53 verbose cwd /workspace
54 verbose os Linux 6.1.134-6.224.amzn2023.aarch64
55 verbose node v22.20.0
56 verbose npm  v10.9.3
57 verbose exit 0
58 info ok
